// Jest Snapshot v1, https://goo.gl/fbAQLP

exports[`ui map can mount map 1`] = `
<div>
  <div
    class="bp4-non-ideal-state"
  >
    <h4
      class="bp4-heading"
    >
      Map
    </h4>
    <div>
      Loading Display
    </div>
    <div
      class="bp4-spinner bp4-intent-primary"
      role="progressbar"
    >
      <div
        class="bp4-spinner-animation"
      >
        <svg
          height="50"
          stroke-width="8.00"
          viewBox="1.00 1.00 98.00 98.00"
          width="50"
        >
          <path
            class="bp4-spinner-track"
            d="M 50,50 m 0,-45 a 45,45 0 1 1 0,90 a 45,45 0 1 1 0,-90"
          />
          <path
            class="bp4-spinner-head"
            d="M 50,50 m 0,-45 a 45,45 0 1 1 0,90 a 45,45 0 1 1 0,-90"
            pathLength="280"
            stroke-dasharray="280 280"
            stroke-dashoffset="210"
          />
        </svg>
      </div>
    </div>
  </div>
</div>
`;

exports[`ui map can mount map 2`] = `
<div>
  <div
    class="base-display ian-map-gl-container"
    data-cy="ian-map-container"
    data-non-preferred-event-count="0"
    data-preferred-event-count="0"
    data-signal-detection-count="0"
    data-station-count="0"
  >
    <div
      class="bp4-context-menu2"
    >
      <div />
    </div>
    <div
      class="cesium-viewer-toolbar"
    >
      <span
        class="cesium-sceneModePicker-wrapper cesium-toolbar-button"
      />
    </div>
  </div>
</div>
`;
