// Jest Snapshot v1, https://goo.gl/fbAQLP

exports[`Signal Detection Query fetchSignalDetection fetchSignalDetection returns the expected result with valid args 1`] = `
{
  "signalDetections": [
    {
      "id": "012de1b9-8ae3-3fd4-800d-58665c3152cc",
      "monitoringOrganization": "GMS",
      "signalDetectionHypotheses": [
        {
          "featureMeasurements": [
            {
              "channel": {
                "effectiveAt": 1636503404,
                "name": "ASAR.beam.SHZ/beam,fk,coherent/steer,az_90.142deg,slow_7.122s_per_deg/06c0cb24-ab8f-3853-941d-bdf5e73a51b4",
              },
              "featureMeasurementType": "LONG_PERIOD_FIRST_MOTION",
              "measuredChannelSegment": {
                "id": {
                  "channel": {
                    "effectiveAt": 1636503404,
                    "name": "ASAR.beam.SHZ/beam,fk,coherent/steer,az_90.142deg,slow_7.122s_per_deg/06c0cb24-ab8f-3853-941d-bdf5e73a51b4",
                  },
                  "creationTime": 1636503404,
                  "endTime": 1636503704,
                  "startTime": 1636503404,
                },
              },
              "measurementValue": {
                "confidence": null,
                "referenceTime": 1636503404,
                "value": "INDETERMINATE",
              },
              "snr": null,
            },
            {
              "channel": {
                "effectiveAt": 1636503404,
                "name": "ASAR.beam.SHZ/beam,fk,coherent/steer,az_90.142deg,slow_7.122s_per_deg/06c0cb24-ab8f-3853-941d-bdf5e73a51b4",
              },
              "featureMeasurementType": "ARRIVAL_TIME",
              "measuredChannelSegment": {
                "id": {
                  "channel": {
                    "effectiveAt": 1636503404,
                    "name": "ASAR.beam.SHZ/beam,fk,coherent/steer,az_90.142deg,slow_7.122s_per_deg/06c0cb24-ab8f-3853-941d-bdf5e73a51b4",
                  },
                  "creationTime": 1636503404,
                  "endTime": 1636503704,
                  "startTime": 1636503404,
                },
              },
              "measurementValue": {
                "arrivalTime": {
                  "standardDeviation": 1.162,
                  "value": 1636503404,
                },
                "travelTime": null,
              },
              "snr": {
                "standardDeviation": null,
                "units": "DECIBELS",
                "value": 8.9939442,
              },
            },
            {
              "channel": {
                "effectiveAt": 1636503404,
                "name": "ASAR.beam.SHZ/beam,fk,coherent/steer,az_90.142deg,slow_7.122s_per_deg/06c0cb24-ab8f-3853-941d-bdf5e73a51b4",
              },
              "featureMeasurementType": "PHASE",
              "measuredChannelSegment": {
                "id": {
                  "channel": {
                    "effectiveAt": 1636503404,
                    "name": "ASAR.beam.SHZ/beam,fk,coherent/steer,az_90.142deg,slow_7.122s_per_deg/06c0cb24-ab8f-3853-941d-bdf5e73a51b4",
                  },
                  "creationTime": 1636503404,
                  "endTime": 1636503704,
                  "startTime": 1636503404,
                },
              },
              "measurementValue": {
                "confidence": 50,
                "referenceTime": 1636503404,
                "value": "P",
              },
              "snr": null,
            },
            {
              "channel": {
                "effectiveAt": 1636503404,
                "name": "ASAR.beam.SHZ/beam,fk,coherent/steer,az_90.142deg,slow_7.122s_per_deg/06c0cb24-ab8f-3853-941d-bdf5e73a51b4",
              },
              "featureMeasurementType": "SHORT_PERIOD_FIRST_MOTION",
              "measuredChannelSegment": {
                "id": {
                  "channel": {
                    "effectiveAt": 1636503404,
                    "name": "ASAR.beam.SHZ/beam,fk,coherent/steer,az_90.142deg,slow_7.122s_per_deg/06c0cb24-ab8f-3853-941d-bdf5e73a51b4",
                  },
                  "creationTime": 1636503404,
                  "endTime": 1636503704,
                  "startTime": 1636503404,
                },
              },
              "measurementValue": {
                "confidence": null,
                "referenceTime": 1636503404,
                "value": "INDETERMINATE",
              },
              "snr": null,
            },
            {
              "channel": {
                "effectiveAt": 1636503404,
                "name": "ASAR.beam.SHZ/beam,fk,coherent/steer,az_90.142deg,slow_7.122s_per_deg/06c0cb24-ab8f-3853-941d-bdf5e73a51b4",
              },
              "featureMeasurementType": "RECEIVER_TO_SOURCE_AZIMUTH",
              "measuredChannelSegment": {
                "id": {
                  "channel": {
                    "effectiveAt": 1636503404,
                    "name": "ASAR.beam.SHZ/beam,fk,coherent/steer,az_90.142deg,slow_7.122s_per_deg/06c0cb24-ab8f-3853-941d-bdf5e73a51b4",
                  },
                  "creationTime": 1636503404,
                  "endTime": 1636503704,
                  "startTime": 1636503404,
                },
              },
              "measurementValue": {
                "measuredValue": {
                  "standardDeviation": 2.2089042,
                  "units": "DEGREES",
                  "value": 90.142121,
                },
                "referenceTime": null,
              },
              "snr": null,
            },
            {
              "channel": {
                "effectiveAt": 1636503404,
                "name": "ASAR.beam.SHZ/beam,fk,coherent/steer,az_90.142deg,slow_7.122s_per_deg/06c0cb24-ab8f-3853-941d-bdf5e73a51b4",
              },
              "featureMeasurementType": "EMERGENCE_ANGLE",
              "measuredChannelSegment": {
                "id": {
                  "channel": {
                    "effectiveAt": 1636503404,
                    "name": "ASAR.beam.SHZ/beam,fk,coherent/steer,az_90.142deg,slow_7.122s_per_deg/06c0cb24-ab8f-3853-941d-bdf5e73a51b4",
                  },
                  "creationTime": 1636503404,
                  "endTime": 1636503704,
                  "startTime": 1636503404,
                },
              },
              "measurementValue": {
                "measuredValue": {
                  "standardDeviation": null,
                  "units": "DEGREES",
                  "value": -1,
                },
                "referenceTime": null,
              },
              "snr": null,
            },
            {
              "channel": {
                "effectiveAt": 1636503404,
                "name": "ASAR.beam.SHZ/beam,fk,coherent/steer,az_90.142deg,slow_7.122s_per_deg/06c0cb24-ab8f-3853-941d-bdf5e73a51b4",
              },
              "featureMeasurementType": "SLOWNESS",
              "measuredChannelSegment": {
                "id": {
                  "channel": {
                    "effectiveAt": 1636503404,
                    "name": "ASAR.beam.SHZ/beam,fk,coherent/steer,az_90.142deg,slow_7.122s_per_deg/06c0cb24-ab8f-3853-941d-bdf5e73a51b4",
                  },
                  "creationTime": 1636503404,
                  "endTime": 1636503704,
                  "startTime": 1636503404,
                },
              },
              "measurementValue": {
                "measuredValue": {
                  "standardDeviation": 0.27,
                  "units": "SECONDS_PER_DEGREE",
                  "value": 7.1219535,
                },
                "referenceTime": null,
              },
              "snr": null,
            },
            {
              "channel": {
                "effectiveAt": 1636503404,
                "name": "ASAR.beam.SHZ/beam,fk,coherent/steer,az_90.142deg,slow_7.122s_per_deg/06c0cb24-ab8f-3853-941d-bdf5e73a51b4",
              },
              "featureMeasurementType": "RECTILINEARITY",
              "measuredChannelSegment": {
                "id": {
                  "channel": {
                    "effectiveAt": 1636503404,
                    "name": "ASAR.beam.SHZ/beam,fk,coherent/steer,az_90.142deg,slow_7.122s_per_deg/06c0cb24-ab8f-3853-941d-bdf5e73a51b4",
                  },
                  "creationTime": 1636503404,
                  "endTime": 1636503704,
                  "startTime": 1636503404,
                },
              },
              "measurementValue": {
                "measuredValue": {
                  "standardDeviation": null,
                  "units": "UNITLESS",
                  "value": -1,
                },
                "referenceTime": null,
              },
              "snr": null,
            },
            {
              "channel": {
                "effectiveAt": 1636503404,
                "name": "ASAR.beam.SHZ/beam,fk,coherent/steer,az_90.142deg,slow_7.122s_per_deg/06c0cb24-ab8f-3853-941d-bdf5e73a51b4",
              },
              "featureMeasurementType": "AMPLITUDE_A5_OVER_2",
              "measuredChannelSegment": {
                "id": {
                  "channel": {
                    "effectiveAt": 1636503404,
                    "name": "ASAR.beam.SHZ/beam,fk,coherent/steer,az_90.142deg,slow_7.122s_per_deg/06c0cb24-ab8f-3853-941d-bdf5e73a51b4",
                  },
                  "creationTime": 1636503404,
                  "endTime": 1636503704,
                  "startTime": 1636503404,
                },
              },
              "measurementValue": {
                "amplitude": {
                  "standardDeviation": 0.5,
                  "units": "MAGNITUDE",
                  "value": 5,
                },
                "period": 0.25,
                "startTime": 1636503404,
              },
              "snr": {
                "standardDeviation": null,
                "units": "DECIBELS",
                "value": 8.9939442,
              },
            },
          ],
          "id": {
            "id": "20cc9505-efe3-3068-b7d5-59196f37992c",
            "signalDetectionId": "012de1b9-8ae3-3fd4-800d-58665c3152cc",
          },
          "monitoringOrganization": "GMS",
          "parentSignalDetectionHypothesis": null,
          "rejected": false,
        },
      ],
      "station": {
        "effectiveAt": null,
        "name": "ASAR",
      },
    },
    {
      "id": "012de1b9-8ae3-3fd4-800d-58123c3152cc",
      "monitoringOrganization": "GMS",
      "signalDetectionHypotheses": [
        {
          "featureMeasurements": [
            {
              "channel": {
                "effectiveAt": 1636503404,
                "name": "ASAR.beam.BHZ/beam,fk,coherent/steer,az_90.142deg,slow_7.122s_per_deg/06c0cb24-ab8f-3853-941d-bdf5e73a51b4",
              },
              "featureMeasurementType": "LONG_PERIOD_FIRST_MOTION",
              "measuredChannelSegment": {
                "id": {
                  "channel": {
                    "effectiveAt": 1636503404,
                    "name": "ASAR.beam.BHZ/beam,fk,coherent/steer,az_90.142deg,slow_7.122s_per_deg/06c0cb24-ab8f-3853-941d-bdf5e73a51b4",
                  },
                  "creationTime": 1636503404,
                  "endTime": 1636503704,
                  "startTime": 1636503404,
                },
              },
              "measurementValue": {
                "confidence": null,
                "referenceTime": 1636503404,
                "value": "INDETERMINATE",
              },
              "snr": null,
            },
            {
              "channel": {
                "effectiveAt": 1636503404,
                "name": "ASAR.beam.BHZ/beam,fk,coherent/steer,az_90.142deg,slow_7.122s_per_deg/06c0cb24-ab8f-3853-941d-bdf5e73a51b4",
              },
              "featureMeasurementType": "ARRIVAL_TIME",
              "measuredChannelSegment": {
                "id": {
                  "channel": {
                    "effectiveAt": 1636503404,
                    "name": "ASAR.beam.BHZ/beam,fk,coherent/steer,az_90.142deg,slow_7.122s_per_deg/06c0cb24-ab8f-3853-941d-bdf5e73a51b4",
                  },
                  "creationTime": 1636503404,
                  "endTime": 1636503704,
                  "startTime": 1636503404,
                },
              },
              "measurementValue": {
                "arrivalTime": {
                  "standardDeviation": null,
                  "value": 1636503420,
                },
                "travelTime": null,
              },
              "snr": {
                "standardDeviation": null,
                "units": "DECIBELS",
                "value": 8.9939442,
              },
            },
            {
              "channel": {
                "effectiveAt": 1636503404,
                "name": "ASAR.beam.BHZ/beam,fk,coherent/steer,az_90.142deg,slow_7.122s_per_deg/06c0cb24-ab8f-3853-941d-bdf5e73a51b4",
              },
              "featureMeasurementType": "PHASE",
              "measuredChannelSegment": {
                "id": {
                  "channel": {
                    "effectiveAt": 1636503404,
                    "name": "ASAR.beam.BHZ/beam,fk,coherent/steer,az_90.142deg,slow_7.122s_per_deg/06c0cb24-ab8f-3853-941d-bdf5e73a51b4",
                  },
                  "creationTime": 1636503404,
                  "endTime": 1636503704,
                  "startTime": 1636503404,
                },
              },
              "measurementValue": {
                "confidence": 50,
                "referenceTime": 1636503404,
                "value": "P",
              },
              "snr": null,
            },
            {
              "channel": {
                "effectiveAt": 1636503404,
                "name": "ASAR.beam.BHZ/beam,fk,coherent/steer,az_90.142deg,slow_7.122s_per_deg/06c0cb24-ab8f-3853-941d-bdf5e73a51b4",
              },
              "featureMeasurementType": "SHORT_PERIOD_FIRST_MOTION",
              "measuredChannelSegment": {
                "id": {
                  "channel": {
                    "effectiveAt": 1636503404,
                    "name": "ASAR.beam.BHZ/beam,fk,coherent/steer,az_90.142deg,slow_7.122s_per_deg/06c0cb24-ab8f-3853-941d-bdf5e73a51b4",
                  },
                  "creationTime": 1636503404,
                  "endTime": 1636503704,
                  "startTime": 1636503404,
                },
              },
              "measurementValue": {
                "confidence": null,
                "referenceTime": 1636503404,
                "value": "INDETERMINATE",
              },
              "snr": null,
            },
            {
              "channel": {
                "effectiveAt": 1636503404,
                "name": "ASAR.beam.BHZ/beam,fk,coherent/steer,az_90.142deg,slow_7.122s_per_deg/06c0cb24-ab8f-3853-941d-bdf5e73a51b4",
              },
              "featureMeasurementType": "RECEIVER_TO_SOURCE_AZIMUTH",
              "measuredChannelSegment": {
                "id": {
                  "channel": {
                    "effectiveAt": 1636503404,
                    "name": "ASAR.beam.BHZ/beam,fk,coherent/steer,az_90.142deg,slow_7.122s_per_deg/06c0cb24-ab8f-3853-941d-bdf5e73a51b4",
                  },
                  "creationTime": 1636503404,
                  "endTime": 1636503704,
                  "startTime": 1636503404,
                },
              },
              "measurementValue": {
                "measuredValue": {
                  "standardDeviation": 2.2089042,
                  "units": "DEGREES",
                  "value": 90.142121,
                },
                "referenceTime": null,
              },
              "snr": null,
            },
            {
              "channel": {
                "effectiveAt": 1636503404,
                "name": "ASAR.beam.BHZ/beam,fk,coherent/steer,az_90.142deg,slow_7.122s_per_deg/06c0cb24-ab8f-3853-941d-bdf5e73a51b4",
              },
              "featureMeasurementType": "EMERGENCE_ANGLE",
              "measuredChannelSegment": {
                "id": {
                  "channel": {
                    "effectiveAt": 1636503404,
                    "name": "ASAR.beam.BHZ/beam,fk,coherent/steer,az_90.142deg,slow_7.122s_per_deg/06c0cb24-ab8f-3853-941d-bdf5e73a51b4",
                  },
                  "creationTime": 1636503404,
                  "endTime": 1636503704,
                  "startTime": 1636503404,
                },
              },
              "measurementValue": {
                "measuredValue": {
                  "standardDeviation": null,
                  "units": "DEGREES",
                  "value": -1,
                },
                "referenceTime": null,
              },
              "snr": null,
            },
            {
              "channel": {
                "effectiveAt": 1636503404,
                "name": "ASAR.beam.BHZ/beam,fk,coherent/steer,az_90.142deg,slow_7.122s_per_deg/06c0cb24-ab8f-3853-941d-bdf5e73a51b4",
              },
              "featureMeasurementType": "SLOWNESS",
              "measuredChannelSegment": {
                "id": {
                  "channel": {
                    "effectiveAt": 1636503404,
                    "name": "ASAR.beam.BHZ/beam,fk,coherent/steer,az_90.142deg,slow_7.122s_per_deg/06c0cb24-ab8f-3853-941d-bdf5e73a51b4",
                  },
                  "creationTime": 1636503404,
                  "endTime": 1636503704,
                  "startTime": 1636503404,
                },
              },
              "measurementValue": {
                "measuredValue": {
                  "standardDeviation": 0.27,
                  "units": "SECONDS_PER_DEGREE",
                  "value": 7.1219535,
                },
                "referenceTime": null,
              },
              "snr": null,
            },
            {
              "channel": {
                "effectiveAt": 1636503404,
                "name": "ASAR.beam.BHZ/beam,fk,coherent/steer,az_90.142deg,slow_7.122s_per_deg/06c0cb24-ab8f-3853-941d-bdf5e73a51b4",
              },
              "featureMeasurementType": "RECTILINEARITY",
              "measuredChannelSegment": {
                "id": {
                  "channel": {
                    "effectiveAt": 1636503404,
                    "name": "ASAR.beam.BHZ/beam,fk,coherent/steer,az_90.142deg,slow_7.122s_per_deg/06c0cb24-ab8f-3853-941d-bdf5e73a51b4",
                  },
                  "creationTime": 1636503404,
                  "endTime": 1636503704,
                  "startTime": 1636503404,
                },
              },
              "measurementValue": {
                "measuredValue": {
                  "standardDeviation": null,
                  "units": "UNITLESS",
                  "value": -1,
                },
                "referenceTime": null,
              },
              "snr": null,
            },
            {
              "channel": {
                "effectiveAt": 1636503404,
                "name": "ASAR.beam.BHZ/beam,fk,coherent/steer,az_90.142deg,slow_7.122s_per_deg/06c0cb24-ab8f-3853-941d-bdf5e73a51b4",
              },
              "featureMeasurementType": "AMPLITUDE_A5_OVER_2",
              "measuredChannelSegment": {
                "id": {
                  "channel": {
                    "effectiveAt": 1636503404,
                    "name": "ASAR.beam.BHZ/beam,fk,coherent/steer,az_90.142deg,slow_7.122s_per_deg/06c0cb24-ab8f-3853-941d-bdf5e73a51b4",
                  },
                  "creationTime": 1636503404,
                  "endTime": 1636503704,
                  "startTime": 1636503404,
                },
              },
              "measurementValue": {
                "amplitude": {
                  "standardDeviation": 0.5,
                  "units": "MAGNITUDE",
                  "value": 5,
                },
                "period": 0.75,
                "startTime": 1636503422,
              },
              "snr": {
                "standardDeviation": null,
                "units": "DECIBELS",
                "value": 8.9939442,
              },
            },
          ],
          "id": {
            "id": "20cc9505-efe3-3068-b7d5-59196f37992d",
            "signalDetectionId": "012de1b9-8ae3-3fd4-800d-58123c3152cc",
          },
          "monitoringOrganization": "GMS",
          "parentSignalDetectionHypothesis": null,
          "rejected": false,
        },
      ],
      "station": {
        "effectiveAt": null,
        "name": "ASAR",
      },
    },
    {
      "id": "012de1b9-8ae3-3fd4-800d-58165c3152cc",
      "monitoringOrganization": "GMS",
      "signalDetectionHypotheses": [
        {
          "featureMeasurements": [
            {
              "channel": {
                "effectiveAt": 1636503404,
                "name": "ASAR.beam.BHN/beam,fk,coherent/steer,az_90.142deg,slow_7.122s_per_deg/06c0cb24-ab8f-3853-941d-bdf5e73a51b4",
              },
              "featureMeasurementType": "LONG_PERIOD_FIRST_MOTION",
              "measuredChannelSegment": {
                "id": {
                  "channel": {
                    "effectiveAt": 1636503404,
                    "name": "ASAR.beam.BHN/beam,fk,coherent/steer,az_90.142deg,slow_7.122s_per_deg/06c0cb24-ab8f-3853-941d-bdf5e73a51b4",
                  },
                  "creationTime": 1636503404,
                  "endTime": 1636503704,
                  "startTime": 1636503404,
                },
              },
              "measurementValue": {
                "confidence": null,
                "referenceTime": 1636503404,
                "value": "INDETERMINATE",
              },
              "snr": null,
            },
            {
              "channel": {
                "effectiveAt": 1636503404,
                "name": "ASAR.beam.BHN/beam,fk,coherent/steer,az_90.142deg,slow_7.122s_per_deg/06c0cb24-ab8f-3853-941d-bdf5e73a51b4",
              },
              "featureMeasurementType": "ARRIVAL_TIME",
              "measuredChannelSegment": {
                "id": {
                  "channel": {
                    "effectiveAt": 1636503404,
                    "name": "ASAR.beam.BHN/beam,fk,coherent/steer,az_90.142deg,slow_7.122s_per_deg/06c0cb24-ab8f-3853-941d-bdf5e73a51b4",
                  },
                  "creationTime": 1636503404,
                  "endTime": 1636503704,
                  "startTime": 1636503404,
                },
              },
              "measurementValue": {
                "arrivalTime": {
                  "standardDeviation": 1.162,
                  "value": 1636503404,
                },
                "travelTime": null,
              },
              "snr": {
                "standardDeviation": null,
                "units": "DECIBELS",
                "value": 8.9939442,
              },
            },
            {
              "channel": {
                "effectiveAt": 1636503404,
                "name": "ASAR.beam.BHN/beam,fk,coherent/steer,az_90.142deg,slow_7.122s_per_deg/06c0cb24-ab8f-3853-941d-bdf5e73a51b4",
              },
              "featureMeasurementType": "PHASE",
              "measuredChannelSegment": {
                "id": {
                  "channel": {
                    "effectiveAt": 1636503404,
                    "name": "ASAR.beam.BHN/beam,fk,coherent/steer,az_90.142deg,slow_7.122s_per_deg/06c0cb24-ab8f-3853-941d-bdf5e73a51b4",
                  },
                  "creationTime": 1636503404,
                  "endTime": 1636503704,
                  "startTime": 1636503404,
                },
              },
              "measurementValue": {
                "confidence": 50,
                "referenceTime": 1636503404,
                "value": "P",
              },
              "snr": null,
            },
            {
              "channel": {
                "effectiveAt": 1636503404,
                "name": "ASAR.beam.BHN/beam,fk,coherent/steer,az_90.142deg,slow_7.122s_per_deg/06c0cb24-ab8f-3853-941d-bdf5e73a51b4",
              },
              "featureMeasurementType": "SHORT_PERIOD_FIRST_MOTION",
              "measuredChannelSegment": {
                "id": {
                  "channel": {
                    "effectiveAt": 1636503404,
                    "name": "ASAR.beam.BHN/beam,fk,coherent/steer,az_90.142deg,slow_7.122s_per_deg/06c0cb24-ab8f-3853-941d-bdf5e73a51b4",
                  },
                  "creationTime": 1636503404,
                  "endTime": 1636503704,
                  "startTime": 1636503404,
                },
              },
              "measurementValue": {
                "confidence": null,
                "referenceTime": 1636503404,
                "value": "INDETERMINATE",
              },
              "snr": null,
            },
            {
              "channel": {
                "effectiveAt": 1636503404,
                "name": "ASAR.beam.BHN/beam,fk,coherent/steer,az_90.142deg,slow_7.122s_per_deg/06c0cb24-ab8f-3853-941d-bdf5e73a51b4",
              },
              "featureMeasurementType": "RECEIVER_TO_SOURCE_AZIMUTH",
              "measuredChannelSegment": {
                "id": {
                  "channel": {
                    "effectiveAt": 1636503404,
                    "name": "ASAR.beam.BHN/beam,fk,coherent/steer,az_90.142deg,slow_7.122s_per_deg/06c0cb24-ab8f-3853-941d-bdf5e73a51b4",
                  },
                  "creationTime": 1636503404,
                  "endTime": 1636503704,
                  "startTime": 1636503404,
                },
              },
              "measurementValue": {
                "measuredValue": {
                  "standardDeviation": 2.2089042,
                  "units": "DEGREES",
                  "value": 90.142121,
                },
                "referenceTime": null,
              },
              "snr": null,
            },
            {
              "channel": {
                "effectiveAt": 1636503404,
                "name": "ASAR.beam.BHN/beam,fk,coherent/steer,az_90.142deg,slow_7.122s_per_deg/06c0cb24-ab8f-3853-941d-bdf5e73a51b4",
              },
              "featureMeasurementType": "EMERGENCE_ANGLE",
              "measuredChannelSegment": {
                "id": {
                  "channel": {
                    "effectiveAt": 1636503404,
                    "name": "ASAR.beam.BHN/beam,fk,coherent/steer,az_90.142deg,slow_7.122s_per_deg/06c0cb24-ab8f-3853-941d-bdf5e73a51b4",
                  },
                  "creationTime": 1636503404,
                  "endTime": 1636503704,
                  "startTime": 1636503404,
                },
              },
              "measurementValue": {
                "measuredValue": {
                  "standardDeviation": null,
                  "units": "DEGREES",
                  "value": -1,
                },
                "referenceTime": null,
              },
              "snr": null,
            },
            {
              "channel": {
                "effectiveAt": 1636503404,
                "name": "ASAR.beam.BHN/beam,fk,coherent/steer,az_90.142deg,slow_7.122s_per_deg/06c0cb24-ab8f-3853-941d-bdf5e73a51b4",
              },
              "featureMeasurementType": "SLOWNESS",
              "measuredChannelSegment": {
                "id": {
                  "channel": {
                    "effectiveAt": 1636503404,
                    "name": "ASAR.beam.BHN/beam,fk,coherent/steer,az_90.142deg,slow_7.122s_per_deg/06c0cb24-ab8f-3853-941d-bdf5e73a51b4",
                  },
                  "creationTime": 1636503404,
                  "endTime": 1636503704,
                  "startTime": 1636503404,
                },
              },
              "measurementValue": {
                "measuredValue": {
                  "standardDeviation": 0.27,
                  "units": "SECONDS_PER_DEGREE",
                  "value": 7.1219535,
                },
                "referenceTime": null,
              },
              "snr": null,
            },
            {
              "channel": {
                "effectiveAt": 1636503404,
                "name": "ASAR.beam.BHN/beam,fk,coherent/steer,az_90.142deg,slow_7.122s_per_deg/06c0cb24-ab8f-3853-941d-bdf5e73a51b4",
              },
              "featureMeasurementType": "RECTILINEARITY",
              "measuredChannelSegment": {
                "id": {
                  "channel": {
                    "effectiveAt": 1636503404,
                    "name": "ASAR.beam.BHN/beam,fk,coherent/steer,az_90.142deg,slow_7.122s_per_deg/06c0cb24-ab8f-3853-941d-bdf5e73a51b4",
                  },
                  "creationTime": 1636503404,
                  "endTime": 1636503704,
                  "startTime": 1636503404,
                },
              },
              "measurementValue": {
                "measuredValue": {
                  "standardDeviation": null,
                  "units": "UNITLESS",
                  "value": -1,
                },
                "referenceTime": null,
              },
              "snr": null,
            },
            {
              "channel": {
                "effectiveAt": 1636503404,
                "name": "ASAR.beam.BHN/beam,fk,coherent/steer,az_90.142deg,slow_7.122s_per_deg/06c0cb24-ab8f-3853-941d-bdf5e73a51b4",
              },
              "featureMeasurementType": "AMPLITUDE_A5_OVER_2",
              "measuredChannelSegment": {
                "id": {
                  "channel": {
                    "effectiveAt": 1636503404,
                    "name": "ASAR.beam.BHN/beam,fk,coherent/steer,az_90.142deg,slow_7.122s_per_deg/06c0cb24-ab8f-3853-941d-bdf5e73a51b4",
                  },
                  "creationTime": 1636503404,
                  "endTime": 1636503704,
                  "startTime": 1636503404,
                },
              },
              "measurementValue": {
                "amplitude": {
                  "standardDeviation": 0.5,
                  "units": "MAGNITUDE",
                  "value": 5,
                },
                "period": 1,
                "startTime": 1636503404,
              },
              "snr": {
                "standardDeviation": null,
                "units": "DECIBELS",
                "value": 8.9939442,
              },
            },
          ],
          "id": {
            "id": "20cc9505-efe3-3068-b7d5-59196f37992e",
            "signalDetectionId": "012de1b9-8ae3-3fd4-800d-58165c3152cc",
          },
          "monitoringOrganization": "GMS",
          "parentSignalDetectionHypothesis": null,
          "rejected": false,
        },
      ],
      "station": {
        "effectiveAt": null,
        "name": "ASAR",
      },
    },
  ],
  "uiChannelSegments": [
    {
      "channelSegment": {
        "channelName": "PDAR.PD01.SHZ",
        "channelSegmentBoundaries": undefined,
        "dataSegments": [
          {
            "color": "tomato",
            "data": {
              "domainTimeRange": {
                "endTimeSecs": 1606818240,
                "startTimeSecs": 1606814640,
              },
              "endTimeSecs": 1638298200,
              "id": "{"domain":{"startTimeSecs":1606814640,"endTimeSecs":1606818240},"id":{"channel":{"name":"PDAR.PD01.SHZ","effectiveAt":1636503404},"startTime":1636503404,"endTime":1636503704,"creationTime":1636503404},"type":"WAVEFORM","filter":"Unfiltered","waveform":{"type":"WAVEFORM","startTime":1638297900,"endTime":1638298200,"sampleCount":6000,"sampleRateHz":20}}",
              "sampleRate": 20,
              "startTimeSecs": 1638297900,
              "values": undefined,
            },
            "displayType": [
              "LINE",
            ],
            "pointSize": 1,
          },
        ],
        "description": "Unfiltered",
        "descriptionLabelColor": "bisque",
        "isSelected": false,
        "timeseriesType": "WAVEFORM",
        "units": "NANOMETERS",
        "wfFilterId": "Unfiltered",
      },
      "channelSegmentDescriptor": {
        "channel": {
          "effectiveAt": 1636503404,
          "name": "PDAR.PD01.SHZ",
        },
        "creationTime": 1636503404,
        "endTime": 1636503704,
        "startTime": 1636503404,
      },
      "processingMasks": [],
    },
  ],
}
`;
