// Jest Snapshot v1, https://goo.gl/fbAQLP

exports[`EventContextMenu matches snapshot 1`] = `
<div>
  <div
    class="bp4-context-menu2"
  >
    <div />
  </div>
</div>
`;
