// Jest Snapshot v1, https://goo.gl/fbAQLP

exports[`UIThemeWrapper convert color theme to css 1`] = `
{
  "--complete-event-s-d-color": "#62D96B",
  "--complete-event-s-d-hover-color": "#BBFFBC",
  "--gms-background": "#182026",
  "--gms-main": "#f5f8fa",
  "--gms-main-inverted": "#10161a",
  "--gms-selection": "#1589d1",
  "--gms-table-selection": "#f5f8fa",
  "--map-station-default": "#6F6E74",
  "--map-visible-station": "#D9822B",
  "--open-event-s-d-color": "#C87619",
  "--open-event-s-d-hover-color": "#EC9A3C",
  "--other-event-s-d-color": "#FFFFFF",
  "--other-event-s-d-hover-color": "#DCE0E5",
  "--prediction-s-d-color": "#C58C1B",
  "--qc-mask-colors": "%5Bobject%20Object%5D",
  "--unassociated-s-d-color": "#C23030",
  "--unassociated-s-d-hover-color": "#E76A6E",
  "--waveform-dim-percent": "0.75",
  "--waveform-filter-label": "#f5f8fa",
  "--waveform-mask-label": "#EB06C8",
  "--waveform-raw": "#4580e6",
  "--weavess-out-of-bounds": "#10161a",
}
`;

exports[`UIThemeWrapper matches snapshot 1`] = `
<div>
  <div
    class="gms-theme-provider bp4-dark"
    style="--open-associated-text-color: #10161a; --complete-associated-text-color: #10161a; --other-associated-text-color: #10161a; --unassociated-text-color: #f5f8fa; --table-selection-text-color: #000000;"
  >
    arbitrary children for wrapper
  </div>
</div>
`;
