// Jest Snapshot v1, https://goo.gl/fbAQLP

exports[`state user session slice should return the initial state 1`] = `
{
  "isSyncedWithWaveformZoom": false,
  "layerVisibility": {
    "associatedCompleteDetection": true,
    "associatedOpenDetection": true,
    "associatedOtherDetection": true,
    "confidenceEllipse": true,
    "coverageEllipse": true,
    "edgeDetectionAfter": true,
    "edgeDetectionBefore": true,
    "edgeEventsAfterInterval": true,
    "edgeEventsBeforeInterval": true,
    "events": true,
    "nonPreferredLocationSolution": false,
    "preferredLocationSolution": true,
    "signalDetections": true,
    "sites": false,
    "stations": true,
    "unassociatedDetection": true,
  },
}
`;

exports[`state user session slice should return the initial state 2`] = `
{
  "isSyncedWithWaveformZoom": false,
  "layerVisibility": {
    "associatedCompleteDetection": true,
    "associatedOpenDetection": true,
    "associatedOtherDetection": true,
    "confidenceEllipse": true,
    "coverageEllipse": true,
    "edgeDetectionAfter": true,
    "edgeDetectionBefore": true,
    "edgeEventsAfterInterval": true,
    "edgeEventsBeforeInterval": true,
    "events": true,
    "nonPreferredLocationSolution": false,
    "preferredLocationSolution": true,
    "signalDetections": true,
    "sites": false,
    "stations": true,
    "unassociatedDetection": true,
  },
}
`;

exports[`state user session slice should return the initial state 3`] = `
{
  "isSyncedWithWaveformZoom": false,
  "layerVisibility": {
    "associatedCompleteDetection": true,
    "associatedOpenDetection": true,
    "associatedOtherDetection": true,
    "confidenceEllipse": true,
    "coverageEllipse": true,
    "edgeDetectionAfter": true,
    "edgeDetectionBefore": true,
    "edgeEventsAfterInterval": true,
    "edgeEventsBeforeInterval": true,
    "events": true,
    "nonPreferredLocationSolution": false,
    "preferredLocationSolution": true,
    "signalDetections": true,
    "sites": false,
    "stations": true,
    "unassociatedDetection": true,
  },
}
`;

exports[`state user session slice should return the initial state 4`] = `
{
  "isSyncedWithWaveformZoom": false,
  "layerVisibility": {
    "associatedCompleteDetection": true,
    "associatedOpenDetection": true,
    "associatedOtherDetection": true,
    "confidenceEllipse": true,
    "coverageEllipse": true,
    "edgeDetectionAfter": true,
    "edgeDetectionBefore": true,
    "edgeEventsAfterInterval": true,
    "edgeEventsBeforeInterval": true,
    "events": true,
    "nonPreferredLocationSolution": false,
    "preferredLocationSolution": true,
    "signalDetections": true,
    "sites": false,
    "stations": true,
    "unassociatedDetection": true,
  },
}
`;
