// Jest Snapshot v1, https://goo.gl/fbAQLP

exports[`Processing Configuration Util can retreive ui theme configuration 1`] = `
{
  "colors": {
    "completeEventSDColor": "#62D96B",
    "completeEventSDHoverColor": "#BBFFBC",
    "gmsBackground": "#182026",
    "gmsMain": "#f5f8fa",
    "gmsMainInverted": "#10161a",
    "gmsSelection": "#1589d1",
    "gmsTableSelection": "#f5f8fa",
    "mapStationDefault": "#6F6E74",
    "mapVisibleStation": "#D9822B",
    "openEventSDColor": "#C87619",
    "openEventSDHoverColor": "#EC9A3C",
    "otherEventSDColor": "#FFFFFF",
    "otherEventSDHoverColor": "#DCE0E5",
    "predictionSDColor": "#C58C1B",
    "qcMaskColors": {
      "analystDefined": "#EB06C8",
      "dataAuthentication": "#8A57FF",
      "longTerm": "#0E9B96",
      "processingMask": "#F87C2E",
      "rejected": "#FF0000",
      "stationSOH": "#B58400",
      "unprocessed": "#FFFFFF",
      "waveform": "#00E22B",
    },
    "unassociatedSDColor": "#C23030",
    "unassociatedSDHoverColor": "#E76A6E",
    "waveformDimPercent": 0.75,
    "waveformFilterLabel": "#F6F7F9",
    "waveformMaskLabel": "#EB06C8",
    "waveformRaw": "#3FA6DA",
    "weavessOutOfBounds": "#10161a",
  },
  "display": {
    "edgeEventOpacity": 0.35,
    "edgeSDOpacity": 0.2,
    "predictionSDOpacity": 0.1,
  },
  "isDarkMode": true,
  "name": "GMS Default (dark)",
}
`;
